=== ORQUESTRADOR SOAK  23:51:26 UTC ===
baseline load1 no inicio: 1.69
>>> small-idle (idle)  23:51:26
=== SOAK small-idle | model.int8.onnx | 2t | 10min | audio 10s | t0_temp=100C ===
  t+00:30 | RTFx   56.2x | wall   177.9ms | n=169 | load1=  4.4 | 89C
  t+01:00 | RTFx   65.6x | wall   152.5ms | n=197 | load1=  4.3 | 87C
  t+01:30 | RTFx   54.5x | wall   183.5ms | n=164 | load1=  6.4 | 88C
  t+02:00 | RTFx   54.5x | wall   183.4ms | n=164 | load1=  6.8 | 87C
  t+02:30 | RTFx   53.9x | wall   185.5ms | n=162 | load1=  7.0 | 89C
  t+03:00 | RTFx   55.1x | wall   181.4ms | n=166 | load1=  6.8 | 88C
  t+03:30 | RTFx   70.9x | wall   141.1ms | n=213 | load1=  6.3 | 90C
  t+04:00 | RTFx   79.1x | wall   126.4ms | n=238 | load1=  5.9 | 88C
  t+04:30 | RTFx   81.6x | wall   122.6ms | n=245 | load1=  4.5 | 89C
  t+05:00 | RTFx   66.1x | wall   151.4ms | n=199 | load1=  5.1 | 90C
  t+05:30 | RTFx   56.6x | wall   176.7ms | n=170 | load1=  5.8 | 89C
  t+06:01 | RTFx   56.4x | wall   177.3ms | n=170 | load1=  6.0 | 89C
  t+06:31 | RTFx   62.9x | wall   158.9ms | n=189 | load1=  5.9 | 91C
  t+07:01 | RTFx   76.3x | wall   131.1ms | n=229 | load1=  5.0 | 94C
  t+07:31 | RTFx   83.8x | wall   119.3ms | n=252 | load1=  4.7 | 90C
  t+08:01 | RTFx   80.1x | wall   124.8ms | n=241 | load1=  4.9 | 91C
  t+08:31 | RTFx   80.6x | wall   124.1ms | n=242 | load1=  4.0 | 93C
  t+09:01 | RTFx   74.9x | wall   133.5ms | n=225 | load1=  4.0 | 89C
  t+09:31 | RTFx   73.3x | wall   136.4ms | n=221 | load1=  4.3 | 89C
=== SUMMARY ===
  pico(win1)=56.2x  sustentado(med ult3)=74.9x  min=53.9x  retido=96%
  p50=138ms p95=207ms p99=232ms (RTFx@p99=43.2x)
  load1 mean=5.4 max=7.0  temp_max=94C
  -> /home/paulo/Projetos/jvscribe/training/results/soak-runs/small-idle.json
>>> medium-idle (idle)  00:01:28
=== SOAK medium-idle | medium.int8.onnx | 2t | 10min | audio 10s | t0_temp=92C ===
  t+00:30 | RTFx   60.4x | wall   165.6ms | n=182 | load1=  5.4 | 92C
  t+01:00 | RTFx   36.0x | wall   278.0ms | n=108 | load1=  9.0 | 91C
  t+01:30 | RTFx   40.8x | wall   244.9ms | n=123 | load1= 12.4 | 90C
  t+02:00 | RTFx   40.8x | wall   244.8ms | n=124 | load1= 13.9 | 91C
  t+02:30 | RTFx   62.4x | wall   160.3ms | n=188 | load1= 10.1 | 92C
  t+03:00 | RTFx   64.7x | wall   154.6ms | n=195 | load1=  7.8 | 88C
  t+03:31 | RTFx   63.5x | wall   157.6ms | n=191 | load1=  6.1 | 89C
  t+04:01 | RTFx   66.7x | wall   149.8ms | n=201 | load1=  5.2 | 89C
  t+04:31 | RTFx   65.3x | wall   153.1ms | n=197 | load1=  4.1 | 94C
  t+05:01 | RTFx   64.3x | wall   155.4ms | n=193 | load1=  3.5 | 92C
  t+05:31 | RTFx   65.2x | wall   153.4ms | n=196 | load1=  4.4 | 92C
  t+06:01 | RTFx   64.2x | wall   155.7ms | n=193 | load1=  4.2 | 91C
  t+06:31 | RTFx   64.3x | wall   155.6ms | n=193 | load1=  3.6 | 91C
  t+07:01 | RTFx   27.7x | wall   360.6ms | n= 84 | load1= 12.8 | 90C
  t+07:32 | RTFx   16.8x | wall   595.2ms | n= 52 | load1= 20.6 | 91C
  t+08:03 | RTFx   19.6x | wall   511.3ms | n= 59 | load1= 23.8 | 92C
  t+08:33 | RTFx   43.7x | wall   228.7ms | n=132 | load1= 18.3 | 91C
  t+09:03 | RTFx   29.3x | wall   341.5ms | n= 89 | load1= 20.7 | 91C
  t+09:34 | RTFx   28.5x | wall   350.8ms | n= 87 | load1= 21.9 | 92C
=== SUMMARY ===
  pico(win1)=60.4x  sustentado(med ult3)=29.3x  min=16.8x  retido=28%
  p50=159ms p95=487ms p99=878ms (RTFx@p99=11.4x)
  load1 mean=10.9 max=23.8  temp_max=94C
  -> /home/paulo/Projetos/jvscribe/training/results/soak-runs/medium-idle.json
>>> small-load (soak+carga)  00:11:30
=== SOAK small-load | model.int8.onnx | 2t | 10min | audio 10s | t0_temp=91C ===
  t+00:30 | RTFx   12.9x | wall   776.2ms | n= 39 | load1= 21.2 | 92C
  t+01:00 | RTFx   11.3x | wall   883.4ms | n= 34 | load1= 21.8 | 91C
  t+01:31 | RTFx   10.0x | wall   995.8ms | n= 31 | load1= 23.7 | 91C
  t+02:01 | RTFx   11.1x | wall   900.6ms | n= 34 | load1= 24.4 | 92C
  t+02:31 | RTFx   11.0x | wall   910.4ms | n= 33 | load1= 25.0 | 91C
  t+03:02 | RTFx   10.4x | wall   957.0ms | n= 32 | load1= 26.4 | 92C
  t+03:33 | RTFx    7.1x | wall  1398.9ms | n= 22 | load1= 28.6 | 92C
  t+04:03 | RTFx   12.3x | wall   816.1ms | n= 37 | load1= 26.9 | 91C
  t+04:34 | RTFx   11.2x | wall   892.6ms | n= 34 | load1= 26.2 | 92C
  t+05:04 | RTFx    9.5x | wall  1047.4ms | n= 29 | load1= 28.9 | 92C
  t+05:34 | RTFx   11.0x | wall   909.7ms | n= 33 | load1= 30.0 | 93C
  t+06:04 | RTFx   10.5x | wall   950.7ms | n= 32 | load1= 29.1 | 92C
  t+06:35 | RTFx    7.3x | wall  1368.0ms | n= 22 | load1= 33.3 | 93C
  t+07:05 | RTFx   11.6x | wall   858.9ms | n= 35 | load1= 30.8 | 92C
  t+07:35 | RTFx   13.5x | wall   742.7ms | n= 41 | load1= 26.7 | 92C
  t+08:06 | RTFx   15.1x | wall   661.9ms | n= 46 | load1= 24.2 | 93C
  t+08:36 | RTFx   11.8x | wall   848.2ms | n= 36 | load1= 25.6 | 92C
  t+09:07 | RTFx    9.7x | wall  1033.6ms | n= 30 | load1= 26.8 | 92C
  t+09:38 | RTFx   10.7x | wall   934.1ms | n= 33 | load1= 27.2 | 93C
=== SUMMARY ===
  pico(win1)=12.9x  sustentado(med ult3)=10.7x  min=7.1x  retido=55%
  p50=821ms p95=1547ms p99=1867ms (RTFx@p99=5.4x)
  load1 mean=26.7 max=33.3  temp_max=93C
  -> /home/paulo/Projetos/jvscribe/training/results/soak-runs/small-load.json
>>> medium-load (soak+carga)  00:21:46
=== SOAK medium-load | medium.int8.onnx | 2t | 10min | audio 10s | t0_temp=93C ===
  t+00:30 | RTFx    9.6x | wall  1037.0ms | n= 29 | load1= 27.0 | 93C
  t+01:00 | RTFx    8.6x | wall  1161.9ms | n= 26 | load1= 27.1 | 92C
  t+01:30 | RTFx    7.6x | wall  1321.9ms | n= 23 | load1= 25.7 | 92C
  t+02:01 | RTFx   11.0x | wall   907.5ms | n= 34 | load1= 25.3 | 93C
  t+02:31 | RTFx   10.9x | wall   913.9ms | n= 33 | load1= 26.7 | 93C
  t+03:02 | RTFx   10.0x | wall   999.0ms | n= 31 | load1= 24.3 | 93C
  t+03:33 | RTFx   10.2x | wall   980.4ms | n= 31 | load1= 24.0 | 93C
  t+04:03 | RTFx   10.9x | wall   915.2ms | n= 33 | load1= 24.0 | 92C
  t+04:33 | RTFx    9.9x | wall  1012.0ms | n= 30 | load1= 26.1 | 93C
  t+05:03 | RTFx   11.0x | wall   911.5ms | n= 33 | load1= 26.1 | 92C
  t+05:34 | RTFx   10.7x | wall   932.3ms | n= 33 | load1= 25.9 | 91C
  t+06:05 | RTFx   11.2x | wall   890.7ms | n= 34 | load1= 25.3 | 92C
  t+06:35 | RTFx   12.0x | wall   833.5ms | n= 37 | load1= 22.8 | 92C
  t+07:07 | RTFx   10.3x | wall   972.6ms | n= 32 | load1= 21.9 | 92C
  t+07:37 | RTFx   10.8x | wall   924.8ms | n= 33 | load1= 23.1 | 92C
  t+08:08 | RTFx   10.7x | wall   930.8ms | n= 33 | load1= 23.5 | 92C
  t+08:38 | RTFx   11.8x | wall   849.7ms | n= 36 | load1= 22.3 | 92C
  t+09:09 | RTFx   11.5x | wall   872.8ms | n= 35 | load1= 22.9 | 93C
  t+09:39 | RTFx   12.0x | wall   836.4ms | n= 36 | load1= 21.8 | 92C
=== SUMMARY ===
  pico(win1)=9.6x  sustentado(med ult3)=11.8x  min=7.6x  retido=78%
  p50=886ms p95=1525ms p99=1870ms (RTFx@p99=5.3x)
  load1 mean=24.5 max=27.1  temp_max=93C
  -> /home/paulo/Projetos/jvscribe/training/results/soak-runs/medium-load.json
=== TODAS AS 4 SOAKS CONCLUIDAS  00:32:16 UTC ===
-rw-rw-r-- 1 paulo paulo 3556 Jul 27 21:11 /home/paulo/Projetos/jvscribe/training/results/soak-runs/medium-idle.json
-rw-rw-r-- 1 paulo paulo 3560 Jul 27 21:32 /home/paulo/Projetos/jvscribe/training/results/soak-runs/medium-load.json
-rw-rw-r-- 1 paulo paulo 3548 Jul 27 21:01 /home/paulo/Projetos/jvscribe/training/results/soak-runs/small-idle.json
-rw-rw-r-- 1 paulo paulo 3557 Jul 27 21:21 /home/paulo/Projetos/jvscribe/training/results/soak-runs/small-load.json
