2026-07-27 06:18:43,393 INFO [decode.py:819] Decoding started
2026-07-27 06:18:43,393 INFO [decode.py:825] Device: cuda:0
2026-07-27 06:18:43,393 INFO [decode.py:826] {'best_train_loss': inf, 'best_valid_loss': inf, 'best_train_epoch': -1, 'best_valid_epoch': -1, 'batch_idx_train': 0, 'log_interval': 50, 'reset_interval': 200, 'valid_interval': 3000, 'feature_dim': 80, 'subsampling_factor': 4, 'encoder_dim': 512, 'nhead': 8, 'dim_feedforward': 2048, 'num_encoder_layers': 10, 'beam_size': 10, 'reduction': 'none', 'use_double_scores': True, 'model_warm_step': 3000, 'env_info': {'k2-version': '1.24.4', 'k2-build-type': 'Release', 'k2-with-cuda': True, 'k2-git-sha1': 'cf664841c6d93e21e59b40aade84869b76c919c1', 'k2-git-date': 'Thu Sep 5 19:25:17 2024', 'lhotse-version': '1.28.0.dev+git.4ca97dc.clean', 'torch-version': '2.4.1+cu121', 'torch-cuda-available': True, 'torch-cuda-version': '12.1', 'python-version': '3.11', 'icefall-git-branch': 'master', 'icefall-git-sha1': '559c8a71-clean', 'icefall-git-date': 'Sun Sep 8 09:10:17 2024', 'icefall-path': '/workspace/icefall', 'k2-path': '/opt/conda/lib/python3.11/site-packages/k2/__init__.py', 'lhotse-path': '/opt/conda/lib/python3.11/site-packages/lhotse/__init__.py', 'hostname': 'cb0730db3db6', 'IP address': '172.17.0.2'}, 'frame_shift_ms': 10, 'search_beam': 20, 'output_beam': 8, 'min_active_states': 30, 'max_active_states': 10000, 'epoch': 30, 'iter': 0, 'avg': 1, 'use_averaged_model': False, 'exp_dir': PosixPath('conformer_ctc3/exp-medium-ctc'), 'lang_dir': PosixPath('data/pt/lang_bpe_500'), 'decoding_method': 'ctc-greedy-search', 'num_paths': 100, 'nbest_scale': 0.5, 'lm_dir': PosixPath('data/lm'), 'simulate_streaming': False, 'decode_chunk_size': 16, 'left_context': 64, 'hlg_scale': 0.8, 'dynamic_chunk_training': False, 'causal_convolution': False, 'short_chunk_size': 25, 'num_left_chunks': 4, 'language': 'pt', 'cv_manifest_dir': PosixPath('data/pt'), 'manifest_dir': PosixPath('data/fbank'), 'max_duration': 400, 'bucketing_sampler': True, 'num_buckets': 30, 'concatenate_cuts': False, 'duration_factor': 1.0, 'gap': 1.0, 'on_the_fly_feats': False, 'shuffle': True, 'drop_last': True, 'return_cuts': True, 'num_workers': 2, 'enable_spec_aug': True, 'spec_aug_time_warp_factor': 80, 'enable_musan': True, 'input_strategy': 'PrecomputedFeatures', 'res_dir': PosixPath('conformer_ctc3/exp-medium-ctc/ctc-greedy-search'), 'suffix': 'epoch-30-avg-1'}
2026-07-27 06:18:43,460 INFO [lexicon.py:168] Loading pre-compiled data/pt/lang_bpe_500/Linv.pt
/workspace/icefall/icefall/lexicon.py:169: FutureWarning: You are using `torch.load` with `weights_only=False` (the current default value), which uses the default pickle module implicitly. It is possible to construct malicious pickle data which will execute arbitrary code during unpickling (See https://github.com/pytorch/pytorch/blob/main/SECURITY.md#untrusted-models for more details). In a future release, the default value for `weights_only` will be flipped to `True`. This limits the functions that could be executed during unpickling. Arbitrary objects will no longer be allowed to be loaded via this mode unless they are explicitly allowlisted by the user via `torch.serialization.add_safe_globals`. We recommend you start setting `weights_only=True` for any use case where you don't have full control of the loaded file. Please open an issue on GitHub for any issues related to this experimental feature.
  L_inv = k2.Fsa.from_dict(torch.load(lang_dir / "Linv.pt"))
2026-07-27 06:18:43,790 INFO [decode.py:913] About to create model
2026-07-27 06:18:44,133 INFO [checkpoint.py:112] Loading checkpoint from conformer_ctc3/exp-medium-ctc/epoch-30.pt
/workspace/icefall/icefall/checkpoint.py:113: FutureWarning: You are using `torch.load` with `weights_only=False` (the current default value), which uses the default pickle module implicitly. It is possible to construct malicious pickle data which will execute arbitrary code during unpickling (See https://github.com/pytorch/pytorch/blob/main/SECURITY.md#untrusted-models for more details). In a future release, the default value for `weights_only` will be flipped to `True`. This limits the functions that could be executed during unpickling. Arbitrary objects will no longer be allowed to be loaded via this mode unless they are explicitly allowlisted by the user via `torch.serialization.add_safe_globals`. We recommend you start setting `weights_only=True` for any use case where you don't have full control of the loaded file. Please open an issue on GitHub for any issues related to this experimental feature.
  checkpoint = torch.load(filename, map_location="cpu")
2026-07-27 06:18:45,003 INFO [decode.py:997] Number of model parameters: 64717514
2026-07-27 06:18:45,003 INFO [asr_datamodule.py:437] About to get test cuts
2026-07-27 06:18:46,549 INFO [decode.py:688] batch 0/?, cuts processed until now is 23
2026-07-27 06:18:55,212 INFO [decode.py:714] The transcripts are stored in conformer_ctc3/exp-medium-ctc/ctc-greedy-search/recogs-test-epoch-30-avg-1.txt
2026-07-27 06:18:55,248 INFO [utils.py:894] [test-ctc-greedy-search] %WER 36.36% [7806 / 21471, 1110 ins, 847 del, 5849 sub ]
2026-07-27 06:18:55,248 INFO [utils.py:899] [test-ctc-greedy-search] %symbol-delay mean (s): inf, variance: inf computed on 0 correct words
2026-07-27 06:18:55,331 INFO [decode.py:735] Wrote detailed error stats to conformer_ctc3/exp-medium-ctc/ctc-greedy-search/errs-test-epoch-30-avg-1.txt
2026-07-27 06:18:55,331 INFO [decode.py:764] 
For test, WER of different settings are:
ctc-greedy-search	36.36	best for test

2026-07-27 06:18:55,332 INFO [decode.py:773] 
For test, (start, end) symbol-delay (s) of different settings are:
ctc-greedy-search	mean: inf, variance: inf	best for test

2026-07-27 06:18:55,332 INFO [decode.py:1029] Done!
