/workspace/icefall/egs/commonvoice/ASR/zipformer/scaling.py:1305: FutureWarning: `torch.cuda.amp.custom_fwd(args...)` is deprecated. Please use `torch.amp.custom_fwd(args..., device_type='cuda')` instead.
  @custom_fwd
/workspace/icefall/egs/commonvoice/ASR/zipformer/scaling.py:1314: FutureWarning: `torch.cuda.amp.custom_bwd(args...)` is deprecated. Please use `torch.amp.custom_bwd(args..., device_type='cuda')` instead.
  @custom_bwd
/workspace/icefall/egs/commonvoice/ASR/zipformer/scaling.py:1511: FutureWarning: `torch.cuda.amp.custom_fwd(args...)` is deprecated. Please use `torch.amp.custom_fwd(args..., device_type='cuda')` instead.
  @custom_fwd
/workspace/icefall/egs/commonvoice/ASR/zipformer/scaling.py:1550: FutureWarning: `torch.cuda.amp.custom_bwd(args...)` is deprecated. Please use `torch.amp.custom_bwd(args..., device_type='cuda')` instead.
  @custom_bwd
2026-07-27 21:27:08,704 INFO [ctc_decode.py:769] Decoding started
2026-07-27 21:27:08,705 INFO [ctc_decode.py:775] Device: cuda:0
2026-07-27 21:27:08,705 INFO [ctc_decode.py:776] {'best_train_loss': inf, 'best_valid_loss': inf, 'best_train_epoch': -1, 'best_valid_epoch': -1, 'batch_idx_train': 0, 'log_interval': 50, 'reset_interval': 200, 'valid_interval': 3000, 'feature_dim': 80, 'subsampling_factor': 4, 'warm_step': 2000, 'env_info': {'k2-version': '1.24.4', 'k2-build-type': 'Release', 'k2-with-cuda': True, 'k2-git-sha1': 'cf664841c6d93e21e59b40aade84869b76c919c1', 'k2-git-date': 'Thu Sep 5 19:25:17 2024', 'lhotse-version': '1.28.0.dev+git.4ca97dc.clean', 'torch-version': '2.4.1+cu121', 'torch-cuda-available': True, 'torch-cuda-version': '12.1', 'python-version': '3.11', 'icefall-git-branch': 'master', 'icefall-git-sha1': '559c8a71-dirty', 'icefall-git-date': 'Sun Sep 8 09:10:17 2024', 'icefall-path': '/workspace/icefall', 'k2-path': '/opt/conda/lib/python3.11/site-packages/k2/__init__.py', 'lhotse-path': '/opt/conda/lib/python3.11/site-packages/lhotse/__init__.py', 'hostname': 'cb0730db3db6', 'IP address': '172.17.0.2'}, 'frame_shift_ms': 10, 'search_beam': 20, 'output_beam': 8, 'min_active_states': 30, 'max_active_states': 10000, 'use_double_scores': True, 'epoch': 30, 'iter': 0, 'avg': 10, 'use_averaged_model': True, 'exp_dir': PosixPath('zipformer/exp-medium-ctc'), 'bpe_model': 'data/pt/lang_bpe_500/bpe.model', 'lang_dir': PosixPath('data/pt/lang_bpe_500'), 'context_size': 2, 'decoding_method': 'ctc-greedy-search', 'num_paths': 100, 'nbest_scale': 1.0, 'hlg_scale': 0.6, 'lm_dir': PosixPath('data/lm'), 'skip_scoring': False, 'num_encoder_layers': '2,2,3,4,3,2', 'downsampling_factor': '1,2,4,8,4,2', 'feedforward_dim': '512,768,1024,1536,1024,768', 'num_heads': '4,4,4,8,4,4', 'encoder_dim': '192,256,384,512,384,256', 'query_head_dim': '32', 'value_head_dim': '12', 'pos_head_dim': '4', 'pos_dim': 48, 'encoder_unmasked_dim': '192,192,256,256,256,192', 'cnn_module_kernel': '31,31,15,15,15,31', 'decoder_dim': 512, 'joiner_dim': 512, 'causal': False, 'chunk_size': '16,32,64,-1', 'left_context_frames': '64,128,256,-1', 'use_transducer': False, 'use_ctc': True, 'use_phoneme_ctc': False, 'phoneme_loss_scale': 0.3, 'phoneme_targets_json': 'data/pt/phoneme_targets.json', 'language': 'pt', 'cv_manifest_dir': PosixPath('data/pt'), 'manifest_dir': PosixPath('data/fbank'), 'max_duration': 400, 'bucketing_sampler': True, 'num_buckets': 30, 'concatenate_cuts': False, 'duration_factor': 1.0, 'gap': 1.0, 'on_the_fly_feats': False, 'shuffle': True, 'drop_last': True, 'return_cuts': True, 'num_workers': 2, 'enable_spec_aug': True, 'spec_aug_time_warp_factor': 80, 'enable_musan': True, 'input_strategy': 'PrecomputedFeatures', 'res_dir': PosixPath('zipformer/exp-medium-ctc/ctc-greedy-search'), 'suffix': 'epoch-30_avg-10_use-averaged-model'}
2026-07-27 21:27:08,770 INFO [lexicon.py:168] Loading pre-compiled data/pt/lang_bpe_500/Linv.pt
/workspace/icefall/icefall/lexicon.py:169: FutureWarning: You are using `torch.load` with `weights_only=False` (the current default value), which uses the default pickle module implicitly. It is possible to construct malicious pickle data which will execute arbitrary code during unpickling (See https://github.com/pytorch/pytorch/blob/main/SECURITY.md#untrusted-models for more details). In a future release, the default value for `weights_only` will be flipped to `True`. This limits the functions that could be executed during unpickling. Arbitrary objects will no longer be allowed to be loaded via this mode unless they are explicitly allowlisted by the user via `torch.serialization.add_safe_globals`. We recommend you start setting `weights_only=True` for any use case where you don't have full control of the loaded file. Please open an issue on GitHub for any issues related to this experimental feature.
  L_inv = k2.Fsa.from_dict(torch.load(lang_dir / "Linv.pt"))
2026-07-27 21:27:09,041 INFO [ctc_decode.py:861] About to create model
2026-07-27 21:27:09,535 INFO [ctc_decode.py:928] Calculating the averaged model over epoch range from 20 (excluded) to 30
/workspace/icefall/icefall/checkpoint.py:424: FutureWarning: You are using `torch.load` with `weights_only=False` (the current default value), which uses the default pickle module implicitly. It is possible to construct malicious pickle data which will execute arbitrary code during unpickling (See https://github.com/pytorch/pytorch/blob/main/SECURITY.md#untrusted-models for more details). In a future release, the default value for `weights_only` will be flipped to `True`. This limits the functions that could be executed during unpickling. Arbitrary objects will no longer be allowed to be loaded via this mode unless they are explicitly allowlisted by the user via `torch.serialization.add_safe_globals`. We recommend you start setting `weights_only=True` for any use case where you don't have full control of the loaded file. Please open an issue on GitHub for any issues related to this experimental feature.
  state_dict_start = torch.load(filename_start, map_location=device)
/workspace/icefall/icefall/checkpoint.py:425: FutureWarning: You are using `torch.load` with `weights_only=False` (the current default value), which uses the default pickle module implicitly. It is possible to construct malicious pickle data which will execute arbitrary code during unpickling (See https://github.com/pytorch/pytorch/blob/main/SECURITY.md#untrusted-models for more details). In a future release, the default value for `weights_only` will be flipped to `True`. This limits the functions that could be executed during unpickling. Arbitrary objects will no longer be allowed to be loaded via this mode unless they are explicitly allowlisted by the user via `torch.serialization.add_safe_globals`. We recommend you start setting `weights_only=True` for any use case where you don't have full control of the loaded file. Please open an issue on GitHub for any issues related to this experimental feature.
  state_dict_end = torch.load(filename_end, map_location=device)
2026-07-27 21:27:13,125 INFO [ctc_decode.py:945] Number of model parameters: 64250603
2026-07-27 21:27:13,125 INFO [asr_datamodule.py:437] About to get test cuts
2026-07-27 21:27:14,526 INFO [ctc_decode.py:653] batch 0/?, cuts processed until now is 23
2026-07-27 21:27:19,321 INFO [ctc_decode.py:674] The transcripts are stored in zipformer/exp-medium-ctc/ctc-greedy-search/recogs-test-epoch-30_avg-10_use-averaged-model.txt
2026-07-27 21:27:19,356 INFO [utils.py:657] [test_ctc-greedy-search] %WER 28.86% [6197 / 21471, 939 ins, 630 del, 4628 sub ]
2026-07-27 21:27:19,434 INFO [ctc_decode.py:701] Wrote detailed error stats to zipformer/exp-medium-ctc/ctc-greedy-search/errs-test-epoch-30_avg-10_use-averaged-model.txt
2026-07-27 21:27:19,435 INFO [ctc_decode.py:717] 
For test, WER of different settings are:
ctc-greedy-search	28.86	best for test

2026-07-27 21:27:19,435 INFO [ctc_decode.py:983] Done!
